Sat Oct  3 18:48:27 2026       
+-----------------------------------------------------------------------------------------+
| NVIDIA-SMI 615.71.09              KMD Version: 615.71.09     CUDA UMD Version: 13.4     |
+-----------------------------------------+------------------------+----------------------+
| GPU  Name                 Persistence-M | Bus-Id          Disp.A | Volatile Uncorr. ECC |
| Fan  Temp   Perf          Pwr:Usage/Cap |           Memory-Usage | GPU-Util  Compute M. |
|                                         |                        |               MIG M. |
|=========================================+========================+======================|
|   0  NVIDIA GeForce RTX 4070 ...    On  |   00000000:26:00.0 Off |                  N/A |
|  0%   33C    P8             12W /  295W |    4545MiB /  16376MiB |     26%      Default |
|                                         |                        |                  N/A |
+-----------------------------------------+------------------------+----------------------+

+-----------------------------------------------------------------------------------------+
| Processes:                                                                              |
|  GPU   GI   CI              PID   Type   Process name                        GPU Memory |
|        ID   ID                                                               Usage      |
|=========================================================================================|
|    0   N/A  N/A             892      G   Hyprland                                156MiB |
|    0   N/A  N/A             952      G   quickshell                               38MiB |
|    0   N/A  N/A             995      G   Xwayland                                  4MiB |
|    0   N/A  N/A            1168      G   monocloud                                 3MiB |
|    0   N/A  N/A            3324    C+G   /usr/bin/sunshine                       215MiB |
|    0   N/A  N/A           12883      G   /usr/bin/ghostty                        100MiB |
|    0   N/A  N/A         3906709    C+G   ...rack-uuid=3190708988185955192         36MiB |
|    0   N/A  N/A         4072238      C   ...jects/S/laya/.venv/bin/python       3802MiB |
+-----------------------------------------------------------------------------------------+

torch 2.11.0+cu130 model /home/ckl/.cache/huggingface/hub/models--convaiinnovations--laya/snapshots/55cf4c4ebb4ebe31b2550e8bdf3bd21b99753851
/home/ckl/projects/S/laya-wt/compile-defaults/benchmarks/bench_compile_defaults.py:41: RuntimeWarning: laya: this checkpoint ships invalid temperatures or values outside [0.5, 5]; using choice:11+=0.10058280825614929 -> 0.5. Treat confidence from the affected entries as uncalibrated.
  agent = Agent(args.model, device="cuda", compile=True, **kw)
load_s 53.14927826402709 cache /home/ckl/.hermes/cache/scratch/torchinductor_ckl
request 1 seconds 0.02442872989922762 graphs 2
request 2 seconds 0.014553737011738122 graphs 2
request 3 seconds 0.009722160990349948 graphs 2
request 4 seconds 0.015148414066061378 graphs 2
request 5 seconds 0.010848594014532864 graphs 2
request 6 seconds 0.02579907502513379 graphs 2
request 7 seconds 0.01758231094572693 graphs 2
request 8 seconds 0.010467909974977374 graphs 2
request 9 seconds 0.03215115796774626 graphs 2
request 10 seconds 0.016135973972268403 graphs 2
request 11 seconds 0.01121161796618253 graphs 2
request 12 seconds 0.011908155982382596 graphs 2
request 13 seconds 0.01099822495598346 graphs 2
request 14 seconds 0.01532110502012074 graphs 2
request 15 seconds 0.010279048001393676 graphs 2
request 16 seconds 0.02483839401975274 graphs 2
request 17 seconds 0.017773673054762185 graphs 2
request 18 seconds 0.009426687960512936 graphs 2
request 19 seconds 0.03183845500461757 graphs 2
request 20 seconds 0.015550486976280808 graphs 2
request 21 seconds 0.009742891998030245 graphs 2
request 22 seconds 0.01376086799427867 graphs 2
request 23 seconds 0.011247409041970968 graphs 2
request 24 seconds 0.014977620914578438 graphs 2
request 25 seconds 0.00899228302296251 graphs 2
request 26 seconds 0.02644445199985057 graphs 2
request 27 seconds 0.01784457394387573 graphs 2
request 28 seconds 0.008444887003861368 graphs 2
request 29 seconds 0.031590171973221004 graphs 2
request 30 seconds 0.01599324296694249 graphs 2
RESULT {"load_s": 53.14927826402709, "requests_s": [0.02442872989922762, 0.014553737011738122, 0.009722160990349948, 0.015148414066061378, 0.010848594014532864, 0.02579907502513379, 0.01758231094572693, 0.010467909974977374, 0.03215115796774626, 0.016135973972268403, 0.01121161796618253, 0.011908155982382596, 0.01099822495598346, 0.01532110502012074, 0.010279048001393676, 0.02483839401975274, 0.017773673054762185, 0.009426687960512936, 0.03183845500461757, 0.015550486976280808, 0.009742891998030245, 0.01376086799427867, 0.011247409041970968, 0.014977620914578438, 0.00899228302296251, 0.02644445199985057, 0.01784457394387573, 0.008444887003861368, 0.031590171973221004, 0.01599324296694249], "allocated_mib": 1616.48291015625, "reserved_mib": 1796.0, "peak_allocated_mib": 1671.017578125, "peak_reserved_mib": 1796.0, "counters": {"stats": {"calls_captured": 6700, "unique_graphs": 2}, "inductor": {"triton_bundler_load_static_autotuner": 68, "async_compile_cache_miss": 243, "async_compile_cache_hit": 149, "pattern_matcher_count": 20, "pattern_matcher_nodes": 26, "extern_calls": 384, "fxgraph_cache_hit": 2}}}
Sat Oct  3 18:49:21 2026       
+-----------------------------------------------------------------------------------------+
| NVIDIA-SMI 615.71.09              KMD Version: 615.71.09     CUDA UMD Version: 13.4     |
+-----------------------------------------+------------------------+----------------------+
| GPU  Name                 Persistence-M | Bus-Id          Disp.A | Volatile Uncorr. ECC |
| Fan  Temp   Perf          Pwr:Usage/Cap |           Memory-Usage | GPU-Util  Compute M. |
|                                         |                        |               MIG M. |
|=========================================+========================+======================|
|   0  NVIDIA GeForce RTX 4070 ...    On  |   00000000:26:00.0 Off |                  N/A |
|  0%   44C    P2             87W /  295W |    2799MiB /  16376MiB |     81%      Default |
|                                         |                        |                  N/A |
+-----------------------------------------+------------------------+----------------------+

+-----------------------------------------------------------------------------------------+
| Processes:                                                                              |
|  GPU   GI   CI              PID   Type   Process name                        GPU Memory |
|        ID   ID                                                               Usage      |
|=========================================================================================|
|    0   N/A  N/A             892      G   Hyprland                                156MiB |
|    0   N/A  N/A             952      G   quickshell                               38MiB |
|    0   N/A  N/A             995      G   Xwayland                                  4MiB |
|    0   N/A  N/A            1168      G   monocloud                                 3MiB |
|    0   N/A  N/A            3324    C+G   /usr/bin/sunshine                       215MiB |
|    0   N/A  N/A           12883      G   /usr/bin/ghostty                        100MiB |
|    0   N/A  N/A         3906709    C+G   ...rack-uuid=3190708988185955192         36MiB |
|    0   N/A  N/A         4077174      C   ...jects/S/laya/.venv/bin/python       2056MiB |
+-----------------------------------------------------------------------------------------+

